// Jest Snapshot v1, https://goo.gl/fbAQLP

exports[`button should be a div 1`] = `
<div>
  <button>
    button
  </button>
</div>
`;
